user18@user18-desktop:~$ mkdir -p ~/catkin_ws/src
user18@user18-desktop:~$ cd ~/catkin_ws
user18@user18-desktop:~/catkin_ws$ catkin_make
Base path: /home/user18/catkin_ws
Source space: /home/user18/catkin_ws/src
Build space: /home/user18/catkin_ws/build
Devel space: /home/user18/catkin_ws/devel
Install space: /home/user18/catkin_ws/install
####
#### Running command: "make cmake_check_build_system" in "/home/user18/catkin_ws/build"
####
####
#### Running command: "make -j6 -l6" in "/home/user18/catkin_ws/build"
####
user18@user18-desktop:~/catkin_ws$ source ~/catkin_ws/devel/setup.bash
user18@user18-desktop:~/catkin_ws$ echo "source ~/catkin_ws/devel/setup.bash" >> ~/.bashrc
user18@user18-desktop:~/catkin_ws$ echo $ROS_PACKAGE_PATH
/home/user18/catkin_ws/src:/opt/ros/noetic/share
user18@user18-desktop:~/catkin_ws$ cd ~/catkin_ws/src
user18@user18-desktop:~/catkin_ws/src$ catkin_create_pkg study_pkg rospy
usage: catkin_create_pkg [-h] [--meta] [-s [SYS_DEPS [SYS_DEPS ...]]]
                         [-b [BOOST_COMPS [BOOST_COMPS ...]]] [-V PKG_VERSION] [-D DESCRIPTION]
                         [-l LICENSE] [-a AUTHOR] [-m MAINTAINER] [--rosdistro ROSDISTRO]
                         name [dependencies [dependencies ...]]
catkin_create_pkg: error: File exists: /home/user18/catkin_ws/src/study_pkg/package.xml
user18@user18-desktop:~/catkin_ws/src$ cd ~/catkin_ws/src
user18@user18-desktop:~/catkin_ws/src$ catkin_create_pkg study_pkg rospy
usage: catkin_create_pkg [-h] [--meta] [-s [SYS_DEPS [SYS_DEPS ...]]]
                         [-b [BOOST_COMPS [BOOST_COMPS ...]]] [-V PKG_VERSION] [-D DESCRIPTION]
                         [-l LICENSE] [-a AUTHOR] [-m MAINTAINER] [--rosdistro ROSDISTRO]
                         name [dependencies [dependencies ...]]
catkin_create_pkg: error: File exists: /home/user18/catkin_ws/src/study_pkg/package.xml
user18@user18-desktop:~/catkin_ws/src$ catkin_create_pkg super_myachka_study_pkg rospy
Created file super_myachka_study_pkg/package.xml
Created file super_myachka_study_pkg/CMakeLists.txt
Created folder super_myachka_study_pkg/src
Successfully created files in /home/user18/catkin_ws/src/super_myachka_study_pkg. Please adjust the values in package.xml.
user18@user18-desktop:~/catkin_ws/src$ cd ~/catkin_ws
user18@user18-desktop:~/catkin_ws$ catkin_make
Base path: /home/user18/catkin_ws
Source space: /home/user18/catkin_ws/src
Build space: /home/user18/catkin_ws/build
Devel space: /home/user18/catkin_ws/devel
Install space: /home/user18/catkin_ws/install
####
#### Running command: "cmake /home/user18/catkin_ws/src -DCATKIN_DEVEL_PREFIX=/home/user18/catkin_ws/devel -DCMAKE_INSTALL_PREFIX=/home/user18/catkin_ws/install -G Unix Makefiles" in "/home/user18/catkin_ws/build"
####
-- Using CATKIN_DEVEL_PREFIX: /home/user18/catkin_ws/devel
-- Using CMAKE_PREFIX_PATH: /home/user18/catkin_ws/devel;/opt/ros/noetic
-- This workspace overlays: /home/user18/catkin_ws/devel;/opt/ros/noetic
-- Found PythonInterp: /usr/bin/python3 (found suitable version "3.8.10", minimum required is "3") 
-- Using PYTHON_EXECUTABLE: /usr/bin/python3
-- Using Debian Python package layout
-- Using empy: /usr/lib/python3/dist-packages/em.py
-- Using CATKIN_ENABLE_TESTING: ON
-- Call enable_testing()
-- Using CATKIN_TEST_RESULTS_DIR: /home/user18/catkin_ws/build/test_results
-- Forcing gtest/gmock from source, though one was otherwise available.
-- Found gtest sources under '/usr/src/googletest': gtests will be built
-- Found gmock sources under '/usr/src/googletest': gmock will be built
-- Found PythonInterp: /usr/bin/python3 (found version "3.8.10") 
-- Using Python nosetests: /usr/bin/nosetests3
-- catkin 0.8.10
-- BUILD_SHARED_LIBS is on
-- BUILD_SHARED_LIBS is on
-- ~~~~~~~~~~~~~~~~~~~~~~~~~~~~~~~~~~~~~~~~~~~~~~~~~
-- ~~  traversing 3 packages in topological order:
-- ~~  - savin_pkg
-- ~~  - study_pkg
-- ~~  - super_myachka_study_pkg
-- ~~~~~~~~~~~~~~~~~~~~~~~~~~~~~~~~~~~~~~~~~~~~~~~~~
-- +++ processing catkin package: 'savin_pkg'
-- ==> add_subdirectory(savin_pkg)
-- +++ processing catkin package: 'study_pkg'
-- ==> add_subdirectory(study_pkg)
-- +++ processing catkin package: 'super_myachka_study_pkg'
-- ==> add_subdirectory(super_myachka_study_pkg)
-- Configuring done
-- Generating done
-- Build files have been written to: /home/user18/catkin_ws/build
####
#### Running command: "make -j6 -l6" in "/home/user18/catkin_ws/build"
####
user18@user18-desktop:~/catkin_ws$ rospack list
actionlib /opt/ros/noetic/share/actionlib
actionlib_msgs /opt/ros/noetic/share/actionlib_msgs
actionlib_tutorials /opt/ros/noetic/share/actionlib_tutorials
angles /opt/ros/noetic/share/angles
bond /opt/ros/noetic/share/bond
bondcpp /opt/ros/noetic/share/bondcpp
bondpy /opt/ros/noetic/share/bondpy
camera_calibration /opt/ros/noetic/share/camera_calibration
camera_calibration_parsers /opt/ros/noetic/share/camera_calibration_parsers
camera_info_manager /opt/ros/noetic/share/camera_info_manager
catkin /opt/ros/noetic/share/catkin
class_loader /opt/ros/noetic/share/class_loader
cmake_modules /opt/ros/noetic/share/cmake_modules
compressed_depth_image_transport /opt/ros/noetic/share/compressed_depth_image_transport
compressed_image_transport /opt/ros/noetic/share/compressed_image_transport
control_msgs /opt/ros/noetic/share/control_msgs
control_toolbox /opt/ros/noetic/share/control_toolbox
controller_interface /opt/ros/noetic/share/controller_interface
controller_manager /opt/ros/noetic/share/controller_manager
controller_manager_msgs /opt/ros/noetic/share/controller_manager_msgs
cpp_common /opt/ros/noetic/share/cpp_common
cv_bridge /opt/ros/noetic/share/cv_bridge
depth_image_proc /opt/ros/noetic/share/depth_image_proc
diagnostic_aggregator /opt/ros/noetic/share/diagnostic_aggregator
diagnostic_analysis /opt/ros/noetic/share/diagnostic_analysis
diagnostic_common_diagnostics /opt/ros/noetic/share/diagnostic_common_diagnostics
diagnostic_msgs /opt/ros/noetic/share/diagnostic_msgs
diagnostic_updater /opt/ros/noetic/share/diagnostic_updater
diff_drive_controller /opt/ros/noetic/share/diff_drive_controller
dynamic_reconfigure /opt/ros/noetic/share/dynamic_reconfigure
eigen_conversions /opt/ros/noetic/share/eigen_conversions
filters /opt/ros/noetic/share/filters
forward_command_controller /opt/ros/noetic/share/forward_command_controller
gazebo_dev /opt/ros/noetic/share/gazebo_dev
gazebo_msgs /opt/ros/noetic/share/gazebo_msgs
gazebo_plugins /opt/ros/noetic/share/gazebo_plugins
gazebo_ros /opt/ros/noetic/share/gazebo_ros
gazebo_ros_control /opt/ros/noetic/share/gazebo_ros_control
gencpp /opt/ros/noetic/share/gencpp
geneus /opt/ros/noetic/share/geneus
genlisp /opt/ros/noetic/share/genlisp
genmsg /opt/ros/noetic/share/genmsg
gennodejs /opt/ros/noetic/share/gennodejs
genpy /opt/ros/noetic/share/genpy
geometry_msgs /opt/ros/noetic/share/geometry_msgs
gl_dependency /opt/ros/noetic/share/gl_dependency
hardware_interface /opt/ros/noetic/share/hardware_interface
image_geometry /opt/ros/noetic/share/image_geometry
image_proc /opt/ros/noetic/share/image_proc
image_publisher /opt/ros/noetic/share/image_publisher
image_rotate /opt/ros/noetic/share/image_rotate
image_transport /opt/ros/noetic/share/image_transport
image_view /opt/ros/noetic/share/image_view
interactive_marker_tutorials /opt/ros/noetic/share/interactive_marker_tutorials
interactive_markers /opt/ros/noetic/share/interactive_markers
joint_limits_interface /opt/ros/noetic/share/joint_limits_interface
joint_state_controller /opt/ros/noetic/share/joint_state_controller
joint_state_publisher /opt/ros/noetic/share/joint_state_publisher
joint_state_publisher_gui /opt/ros/noetic/share/joint_state_publisher_gui
kdl_conversions /opt/ros/noetic/share/kdl_conversions
kdl_parser /opt/ros/noetic/share/kdl_parser
laser_assembler /opt/ros/noetic/share/laser_assembler
laser_filters /opt/ros/noetic/share/laser_filters
laser_geometry /opt/ros/noetic/share/laser_geometry
librviz_tutorial /opt/ros/noetic/share/librviz_tutorial
map_msgs /opt/ros/noetic/share/map_msgs
media_export /opt/ros/noetic/share/media_export
message_filters /opt/ros/noetic/share/message_filters
message_generation /opt/ros/noetic/share/message_generation
message_runtime /opt/ros/noetic/share/message_runtime
mk /opt/ros/noetic/share/mk
nav_msgs /opt/ros/noetic/share/nav_msgs
nodelet /opt/ros/noetic/share/nodelet
nodelet_topic_tools /opt/ros/noetic/share/nodelet_topic_tools
nodelet_tutorial_math /opt/ros/noetic/share/nodelet_tutorial_math
pcl_conversions /opt/ros/noetic/share/pcl_conversions
pcl_msgs /opt/ros/noetic/share/pcl_msgs
pcl_ros /opt/ros/noetic/share/pcl_ros
pluginlib /opt/ros/noetic/share/pluginlib
pluginlib_tutorials /opt/ros/noetic/share/pluginlib_tutorials
polled_camera /opt/ros/noetic/share/polled_camera
position_controllers /opt/ros/noetic/share/position_controllers
python_qt_binding /opt/ros/noetic/share/python_qt_binding
qt_dotgraph /opt/ros/noetic/share/qt_dotgraph
qt_gui /opt/ros/noetic/share/qt_gui
qt_gui_cpp /opt/ros/noetic/share/qt_gui_cpp
qt_gui_py_common /opt/ros/noetic/share/qt_gui_py_common
qwt_dependency /opt/ros/noetic/share/qwt_dependency
realtime_tools /opt/ros/noetic/share/realtime_tools
resource_retriever /opt/ros/noetic/share/resource_retriever
robot_state_publisher /opt/ros/noetic/share/robot_state_publisher
ros_environment /opt/ros/noetic/share/ros_environment
rosbag /opt/ros/noetic/share/rosbag
rosbag_migration_rule /opt/ros/noetic/share/rosbag_migration_rule
rosbag_storage /opt/ros/noetic/share/rosbag_storage
rosbash /opt/ros/noetic/share/rosbash
rosboost_cfg /opt/ros/noetic/share/rosboost_cfg
rosbuild /opt/ros/noetic/share/rosbuild
rosclean /opt/ros/noetic/share/rosclean
rosconsole /opt/ros/noetic/share/rosconsole
rosconsole_bridge /opt/ros/noetic/share/rosconsole_bridge
roscpp /opt/ros/noetic/share/roscpp
roscpp_serialization /opt/ros/noetic/share/roscpp_serialization
roscpp_traits /opt/ros/noetic/share/roscpp_traits
roscpp_tutorials /opt/ros/noetic/share/roscpp_tutorials
roscreate /opt/ros/noetic/share/roscreate
rosgraph /opt/ros/noetic/share/rosgraph
rosgraph_msgs /opt/ros/noetic/share/rosgraph_msgs
roslang /opt/ros/noetic/share/roslang
roslaunch /opt/ros/noetic/share/roslaunch
roslib /opt/ros/noetic/share/roslib
roslint /opt/ros/noetic/share/roslint
roslisp /opt/ros/noetic/share/roslisp
roslz4 /opt/ros/noetic/share/roslz4
rosmake /opt/ros/noetic/share/rosmake
rosmaster /opt/ros/noetic/share/rosmaster
rosmsg /opt/ros/noetic/share/rosmsg
rosnode /opt/ros/noetic/share/rosnode
rosout /opt/ros/noetic/share/rosout
rospack /opt/ros/noetic/share/rospack
rosparam /opt/ros/noetic/share/rosparam
rospy /opt/ros/noetic/share/rospy
rospy_tutorials /opt/ros/noetic/share/rospy_tutorials
rosservice /opt/ros/noetic/share/rosservice
rostest /opt/ros/noetic/share/rostest
rostime /opt/ros/noetic/share/rostime
rostopic /opt/ros/noetic/share/rostopic
rosunit /opt/ros/noetic/share/rosunit
roswtf /opt/ros/noetic/share/roswtf
rqt_action /opt/ros/noetic/share/rqt_action
rqt_bag /opt/ros/noetic/share/rqt_bag
rqt_bag_plugins /opt/ros/noetic/share/rqt_bag_plugins
rqt_console /opt/ros/noetic/share/rqt_console
rqt_dep /opt/ros/noetic/share/rqt_dep
rqt_graph /opt/ros/noetic/share/rqt_graph
rqt_gui /opt/ros/noetic/share/rqt_gui
rqt_gui_cpp /opt/ros/noetic/share/rqt_gui_cpp
rqt_gui_py /opt/ros/noetic/share/rqt_gui_py
rqt_image_view /opt/ros/noetic/share/rqt_image_view
rqt_launch /opt/ros/noetic/share/rqt_launch
rqt_logger_level /opt/ros/noetic/share/rqt_logger_level
rqt_moveit /opt/ros/noetic/share/rqt_moveit
rqt_msg /opt/ros/noetic/share/rqt_msg
rqt_nav_view /opt/ros/noetic/share/rqt_nav_view
rqt_plot /opt/ros/noetic/share/rqt_plot
rqt_pose_view /opt/ros/noetic/share/rqt_pose_view
rqt_publisher /opt/ros/noetic/share/rqt_publisher
rqt_py_common /opt/ros/noetic/share/rqt_py_common
rqt_py_console /opt/ros/noetic/share/rqt_py_console
rqt_reconfigure /opt/ros/noetic/share/rqt_reconfigure
rqt_robot_dashboard /opt/ros/noetic/share/rqt_robot_dashboard
rqt_robot_monitor /opt/ros/noetic/share/rqt_robot_monitor
rqt_robot_steering /opt/ros/noetic/share/rqt_robot_steering
rqt_runtime_monitor /opt/ros/noetic/share/rqt_runtime_monitor
rqt_rviz /opt/ros/noetic/share/rqt_rviz
rqt_service_caller /opt/ros/noetic/share/rqt_service_caller
rqt_shell /opt/ros/noetic/share/rqt_shell
rqt_srv /opt/ros/noetic/share/rqt_srv
rqt_tf_tree /opt/ros/noetic/share/rqt_tf_tree
rqt_top /opt/ros/noetic/share/rqt_top
rqt_topic /opt/ros/noetic/share/rqt_topic
rqt_web /opt/ros/noetic/share/rqt_web
rviz /opt/ros/noetic/share/rviz
rviz_plugin_tutorials /opt/ros/noetic/share/rviz_plugin_tutorials
rviz_python_tutorial /opt/ros/noetic/share/rviz_python_tutorial
savin_pkg /home/user18/catkin_ws/src/savin_pkg
self_test /opt/ros/noetic/share/self_test
sensor_msgs /opt/ros/noetic/share/sensor_msgs
shape_msgs /opt/ros/noetic/share/shape_msgs
smach /opt/ros/noetic/share/smach
smach_msgs /opt/ros/noetic/share/smach_msgs
smach_ros /opt/ros/noetic/share/smach_ros
smclib /opt/ros/noetic/share/smclib
stage /opt/ros/noetic/share/stage
stage_ros /opt/ros/noetic/share/stage_ros
std_msgs /opt/ros/noetic/share/std_msgs
std_srvs /opt/ros/noetic/share/std_srvs
stereo_image_proc /opt/ros/noetic/share/stereo_image_proc
stereo_msgs /opt/ros/noetic/share/stereo_msgs
study_pkg /home/user18/catkin_ws/src/study_pkg
super_myachka_study_pkg /home/user18/catkin_ws/src/super_myachka_study_pkg
tf /opt/ros/noetic/share/tf
tf2 /opt/ros/noetic/share/tf2
tf2_eigen /opt/ros/noetic/share/tf2_eigen
tf2_geometry_msgs /opt/ros/noetic/share/tf2_geometry_msgs
tf2_kdl /opt/ros/noetic/share/tf2_kdl
tf2_msgs /opt/ros/noetic/share/tf2_msgs
tf2_py /opt/ros/noetic/share/tf2_py
tf2_ros /opt/ros/noetic/share/tf2_ros
tf_conversions /opt/ros/noetic/share/tf_conversions
theora_image_transport /opt/ros/noetic/share/theora_image_transport
topic_tools /opt/ros/noetic/share/topic_tools
trajectory_msgs /opt/ros/noetic/share/trajectory_msgs
transmission_interface /opt/ros/noetic/share/transmission_interface
turtle_actionlib /opt/ros/noetic/share/turtle_actionlib
turtle_tf /opt/ros/noetic/share/turtle_tf
turtle_tf2 /opt/ros/noetic/share/turtle_tf2
turtlesim /opt/ros/noetic/share/turtlesim
urdf /opt/ros/noetic/share/urdf
urdf_parser_plugin /opt/ros/noetic/share/urdf_parser_plugin
urdf_sim_tutorial /opt/ros/noetic/share/urdf_sim_tutorial
urdf_tutorial /opt/ros/noetic/share/urdf_tutorial
visualization_marker_tutorials /opt/ros/noetic/share/visualization_marker_tutorials
visualization_msgs /opt/ros/noetic/share/visualization_msgs
webkit_dependency /opt/ros/noetic/share/webkit_dependency
xacro /opt/ros/noetic/share/xacro
xmlrpcpp /opt/ros/noetic/share/xmlrpcpp
user18@user18-desktop:~/catkin_ws$ roscd super_myachka_study_pkg
user18@user18-desktop:~/catkin_ws/src/super_myachka_study_pkg$ git init
Initialized empty Git repository in /home/user18/catkin_ws/src/super_myachka_study_pkg/.git/
user18@user18-desktop:~/catkin_ws/src/super_myachka_study_pkg$ git checkout -b main
Switched to a new branch 'main'
user18@user18-desktop:~/catkin_ws/src/super_myachka_study_pkg$ git status
On branch main

No commits yet

Untracked files:
  (use "git add <file>..." to include in what will be committed)
	CMakeLists.txt
	package.xml

nothing added to commit but untracked files present (use "git add" to track)
user18@user18-desktop:~/catkin_ws/src/super_myachka_study_pkg$ git remote add origin https://github.com/myachka/super_myachka_study_pkg.git
user18@user18-desktop:~/catkin_ws/src/super_myachka_study_pkg$ git pull origin main
remote: Enumerating objects: 7, done.
remote: Counting objects: 100% (7/7), done.
remote: Compressing objects: 100% (5/5), done.
remote: Total 7 (delta 0), reused 4 (delta 0), pack-reused 0
Unpacking objects: 100% (7/7), 3.98 KiB | 3.98 MiB/s, done.
From https://github.com/myachka/super_myachka_study_pkg
 * branch            main       -> FETCH_HEAD
 * [new branch]      main       -> origin/main
error: The following untracked working tree files would be overwritten by merge:
	CMakeLists.txt
	package.xml
Please move or remove them before you merge.
Aborting
user18@user18-desktop:~/catkin_ws/src/super_myachka_study_pkg$ git status
On branch main

No commits yet

Untracked files:
  (use "git add <file>..." to include in what will be committed)
	CMakeLists.txt
	package.xml

nothing added to commit but untracked files present (use "git add" to track)
user18@user18-desktop:~/catkin_ws/src/super_myachka_study_pkg$ git add -A
user18@user18-desktop:~/catkin_ws/src/super_myachka_study_pkg$ git commit -am "added files"

*** Please tell me who you are.

Run

  git config --global user.email "you@example.com"
  git config --global user.name "Your Name"

to set your account's default identity.
Omit --global to set the identity only in this repository.

fatal: unable to auto-detect email address (got 'user18@user18-desktop.(none)')
user18@user18-desktop:~/catkin_ws/src/super_myachka_study_pkg$ git config --global user.email "you@example.com"
user18@user18-desktop:~/catkin_ws/src/super_myachka_study_pkg$ git config --global user.email "mamyako@mail.ru"
user18@user18-desktop:~/catkin_ws/src/super_myachka_study_pkg$ git config --global user.name "myachka"
user18@user18-desktop:~/catkin_ws/src/super_myachka_study_pkg$ git add -A
user18@user18-desktop:~/catkin_ws/src/super_myachka_study_pkg$ git commit -am "First package commit"
[main (root-commit) 4604d06] First package commit
 2 files changed, 266 insertions(+)
 create mode 100644 CMakeLists.txt
 create mode 100644 package.xml
user18@user18-desktop:~/catkin_ws/src/super_myachka_study_pkg$ git push --set-upstream origin main
Username for 'https://github.com': myachka
Password for 'https://myachka@github.com': 
To https://github.com/myachka/super_myachka_study_pkg.git
 ! [rejected]        main -> main (non-fast-forward)
error: failed to push some refs to 'https://github.com/myachka/super_myachka_study_pkg.git'
hint: Updates were rejected because the tip of your current branch is behind
hint: its remote counterpart. Integrate the remote changes (e.g.
hint: 'git pull ...') before pushing again.
hint: See the 'Note about fast-forwards' in 'git push --help' for details.
user18@user18-desktop:~/catkin_ws/src/super_myachka_study_pkg$ git push --set-upstream origin main
Username for 'https://github.com': myachka     
Password for 'https://myachka@github.com': 
To https://github.com/myachka/super_myachka_study_pkg.git
 ! [rejected]        main -> main (non-fast-forward)
error: failed to push some refs to 'https://github.com/myachka/super_myachka_study_pkg.git'
hint: Updates were rejected because the tip of your current branch is behind
hint: its remote counterpart. Integrate the remote changes (e.g.
hint: 'git pull ...') before pushing again.
hint: See the 'Note about fast-forwards' in 'git push --help' for details.
user18@user18-desktop:~/catkin_ws/src/super_myachka_study_pkg$ git status
On branch main
nothing to commit, working tree clean
user18@user18-desktop:~/catkin_ws/src/super_myachka_study_pkg$ git remote add origin https://github.com/myachka/super_myachka_study_pkg.git
fatal: remote origin already exists.
user18@user18-desktop:~/catkin_ws/src/super_myachka_study_pkg$ git pull origin main
From https://github.com/myachka/super_myachka_study_pkg
 * branch            main       -> FETCH_HEAD
fatal: refusing to merge unrelated histories
user18@user18-desktop:~/catkin_ws/src/super_myachka_study_pkg$ git add -A
user18@user18-desktop:~/catkin_ws/src/super_myachka_study_pkg$ git commit -am "First package commit"
On branch main
nothing to commit, working tree clean
user18@user18-desktop:~/catkin_ws/src/super_myachka_study_pkg$ git push --set-upstream origin main
Username for 'https://github.com': myachka
Password for 'https://myachka@github.com': 
To https://github.com/myachka/super_myachka_study_pkg.git
 ! [rejected]        main -> main (non-fast-forward)
error: failed to push some refs to 'https://github.com/myachka/super_myachka_study_pkg.git'
hint: Updates were rejected because the tip of your current branch is behind
hint: its remote counterpart. Integrate the remote changes (e.g.
hint: 'git pull ...') before pushing again.
hint: See the 'Note about fast-forwards' in 'git push --help' for details.
user18@user18-desktop:~/catkin_ws/src/super_myachka_study_pkg$ cd ~/catkin_ws/src
user18@user18-desktop:~/catkin_ws/src$ cd ~/catkin_ws
user18@user18-desktop:~/catkin_ws$ catkin_make
Base path: /home/user18/catkin_ws
Source space: /home/user18/catkin_ws/src
Build space: /home/user18/catkin_ws/build
Devel space: /home/user18/catkin_ws/devel
Install space: /home/user18/catkin_ws/install
####
#### Running command: "make cmake_check_build_system" in "/home/user18/catkin_ws/build"
####
####
#### Running command: "make -j6 -l6" in "/home/user18/catkin_ws/build"
####
user18@user18-desktop:~/catkin_ws$ rospack list
actionlib /opt/ros/noetic/share/actionlib
actionlib_msgs /opt/ros/noetic/share/actionlib_msgs
actionlib_tutorials /opt/ros/noetic/share/actionlib_tutorials
angles /opt/ros/noetic/share/angles
bond /opt/ros/noetic/share/bond
bondcpp /opt/ros/noetic/share/bondcpp
bondpy /opt/ros/noetic/share/bondpy
camera_calibration /opt/ros/noetic/share/camera_calibration
camera_calibration_parsers /opt/ros/noetic/share/camera_calibration_parsers
camera_info_manager /opt/ros/noetic/share/camera_info_manager
catkin /opt/ros/noetic/share/catkin
class_loader /opt/ros/noetic/share/class_loader
cmake_modules /opt/ros/noetic/share/cmake_modules
compressed_depth_image_transport /opt/ros/noetic/share/compressed_depth_image_transport
compressed_image_transport /opt/ros/noetic/share/compressed_image_transport
control_msgs /opt/ros/noetic/share/control_msgs
control_toolbox /opt/ros/noetic/share/control_toolbox
controller_interface /opt/ros/noetic/share/controller_interface
controller_manager /opt/ros/noetic/share/controller_manager
controller_manager_msgs /opt/ros/noetic/share/controller_manager_msgs
cpp_common /opt/ros/noetic/share/cpp_common
cv_bridge /opt/ros/noetic/share/cv_bridge
depth_image_proc /opt/ros/noetic/share/depth_image_proc
diagnostic_aggregator /opt/ros/noetic/share/diagnostic_aggregator
diagnostic_analysis /opt/ros/noetic/share/diagnostic_analysis
diagnostic_common_diagnostics /opt/ros/noetic/share/diagnostic_common_diagnostics
diagnostic_msgs /opt/ros/noetic/share/diagnostic_msgs
diagnostic_updater /opt/ros/noetic/share/diagnostic_updater
diff_drive_controller /opt/ros/noetic/share/diff_drive_controller
dynamic_reconfigure /opt/ros/noetic/share/dynamic_reconfigure
eigen_conversions /opt/ros/noetic/share/eigen_conversions
filters /opt/ros/noetic/share/filters
forward_command_controller /opt/ros/noetic/share/forward_command_controller
gazebo_dev /opt/ros/noetic/share/gazebo_dev
gazebo_msgs /opt/ros/noetic/share/gazebo_msgs
gazebo_plugins /opt/ros/noetic/share/gazebo_plugins
gazebo_ros /opt/ros/noetic/share/gazebo_ros
gazebo_ros_control /opt/ros/noetic/share/gazebo_ros_control
gencpp /opt/ros/noetic/share/gencpp
geneus /opt/ros/noetic/share/geneus
genlisp /opt/ros/noetic/share/genlisp
genmsg /opt/ros/noetic/share/genmsg
gennodejs /opt/ros/noetic/share/gennodejs
genpy /opt/ros/noetic/share/genpy
geometry_msgs /opt/ros/noetic/share/geometry_msgs
gl_dependency /opt/ros/noetic/share/gl_dependency
hardware_interface /opt/ros/noetic/share/hardware_interface
image_geometry /opt/ros/noetic/share/image_geometry
image_proc /opt/ros/noetic/share/image_proc
image_publisher /opt/ros/noetic/share/image_publisher
image_rotate /opt/ros/noetic/share/image_rotate
image_transport /opt/ros/noetic/share/image_transport
image_view /opt/ros/noetic/share/image_view
interactive_marker_tutorials /opt/ros/noetic/share/interactive_marker_tutorials
interactive_markers /opt/ros/noetic/share/interactive_markers
joint_limits_interface /opt/ros/noetic/share/joint_limits_interface
joint_state_controller /opt/ros/noetic/share/joint_state_controller
joint_state_publisher /opt/ros/noetic/share/joint_state_publisher
joint_state_publisher_gui /opt/ros/noetic/share/joint_state_publisher_gui
kdl_conversions /opt/ros/noetic/share/kdl_conversions
kdl_parser /opt/ros/noetic/share/kdl_parser
laser_assembler /opt/ros/noetic/share/laser_assembler
laser_filters /opt/ros/noetic/share/laser_filters
laser_geometry /opt/ros/noetic/share/laser_geometry
librviz_tutorial /opt/ros/noetic/share/librviz_tutorial
map_msgs /opt/ros/noetic/share/map_msgs
media_export /opt/ros/noetic/share/media_export
message_filters /opt/ros/noetic/share/message_filters
message_generation /opt/ros/noetic/share/message_generation
message_runtime /opt/ros/noetic/share/message_runtime
mk /opt/ros/noetic/share/mk
nav_msgs /opt/ros/noetic/share/nav_msgs
nodelet /opt/ros/noetic/share/nodelet
nodelet_topic_tools /opt/ros/noetic/share/nodelet_topic_tools
nodelet_tutorial_math /opt/ros/noetic/share/nodelet_tutorial_math
pcl_conversions /opt/ros/noetic/share/pcl_conversions
pcl_msgs /opt/ros/noetic/share/pcl_msgs
pcl_ros /opt/ros/noetic/share/pcl_ros
pluginlib /opt/ros/noetic/share/pluginlib
pluginlib_tutorials /opt/ros/noetic/share/pluginlib_tutorials
polled_camera /opt/ros/noetic/share/polled_camera
position_controllers /opt/ros/noetic/share/position_controllers
python_qt_binding /opt/ros/noetic/share/python_qt_binding
qt_dotgraph /opt/ros/noetic/share/qt_dotgraph
qt_gui /opt/ros/noetic/share/qt_gui
qt_gui_cpp /opt/ros/noetic/share/qt_gui_cpp
qt_gui_py_common /opt/ros/noetic/share/qt_gui_py_common
qwt_dependency /opt/ros/noetic/share/qwt_dependency
realtime_tools /opt/ros/noetic/share/realtime_tools
resource_retriever /opt/ros/noetic/share/resource_retriever
robot_state_publisher /opt/ros/noetic/share/robot_state_publisher
ros_environment /opt/ros/noetic/share/ros_environment
rosbag /opt/ros/noetic/share/rosbag
rosbag_migration_rule /opt/ros/noetic/share/rosbag_migration_rule
rosbag_storage /opt/ros/noetic/share/rosbag_storage
rosbash /opt/ros/noetic/share/rosbash
rosboost_cfg /opt/ros/noetic/share/rosboost_cfg
rosbuild /opt/ros/noetic/share/rosbuild
rosclean /opt/ros/noetic/share/rosclean
rosconsole /opt/ros/noetic/share/rosconsole
rosconsole_bridge /opt/ros/noetic/share/rosconsole_bridge
roscpp /opt/ros/noetic/share/roscpp
roscpp_serialization /opt/ros/noetic/share/roscpp_serialization
roscpp_traits /opt/ros/noetic/share/roscpp_traits
roscpp_tutorials /opt/ros/noetic/share/roscpp_tutorials
roscreate /opt/ros/noetic/share/roscreate
rosgraph /opt/ros/noetic/share/rosgraph
rosgraph_msgs /opt/ros/noetic/share/rosgraph_msgs
roslang /opt/ros/noetic/share/roslang
roslaunch /opt/ros/noetic/share/roslaunch
roslib /opt/ros/noetic/share/roslib
roslint /opt/ros/noetic/share/roslint
roslisp /opt/ros/noetic/share/roslisp
roslz4 /opt/ros/noetic/share/roslz4
rosmake /opt/ros/noetic/share/rosmake
rosmaster /opt/ros/noetic/share/rosmaster
rosmsg /opt/ros/noetic/share/rosmsg
rosnode /opt/ros/noetic/share/rosnode
rosout /opt/ros/noetic/share/rosout
rospack /opt/ros/noetic/share/rospack
rosparam /opt/ros/noetic/share/rosparam
rospy /opt/ros/noetic/share/rospy
rospy_tutorials /opt/ros/noetic/share/rospy_tutorials
rosservice /opt/ros/noetic/share/rosservice
rostest /opt/ros/noetic/share/rostest
rostime /opt/ros/noetic/share/rostime
rostopic /opt/ros/noetic/share/rostopic
rosunit /opt/ros/noetic/share/rosunit
roswtf /opt/ros/noetic/share/roswtf
rqt_action /opt/ros/noetic/share/rqt_action
rqt_bag /opt/ros/noetic/share/rqt_bag
rqt_bag_plugins /opt/ros/noetic/share/rqt_bag_plugins
rqt_console /opt/ros/noetic/share/rqt_console
rqt_dep /opt/ros/noetic/share/rqt_dep
rqt_graph /opt/ros/noetic/share/rqt_graph
rqt_gui /opt/ros/noetic/share/rqt_gui
rqt_gui_cpp /opt/ros/noetic/share/rqt_gui_cpp
rqt_gui_py /opt/ros/noetic/share/rqt_gui_py
rqt_image_view /opt/ros/noetic/share/rqt_image_view
rqt_launch /opt/ros/noetic/share/rqt_launch
rqt_logger_level /opt/ros/noetic/share/rqt_logger_level
rqt_moveit /opt/ros/noetic/share/rqt_moveit
rqt_msg /opt/ros/noetic/share/rqt_msg
rqt_nav_view /opt/ros/noetic/share/rqt_nav_view
rqt_plot /opt/ros/noetic/share/rqt_plot
rqt_pose_view /opt/ros/noetic/share/rqt_pose_view
rqt_publisher /opt/ros/noetic/share/rqt_publisher
rqt_py_common /opt/ros/noetic/share/rqt_py_common
rqt_py_console /opt/ros/noetic/share/rqt_py_console
rqt_reconfigure /opt/ros/noetic/share/rqt_reconfigure
rqt_robot_dashboard /opt/ros/noetic/share/rqt_robot_dashboard
rqt_robot_monitor /opt/ros/noetic/share/rqt_robot_monitor
rqt_robot_steering /opt/ros/noetic/share/rqt_robot_steering
rqt_runtime_monitor /opt/ros/noetic/share/rqt_runtime_monitor
rqt_rviz /opt/ros/noetic/share/rqt_rviz
rqt_service_caller /opt/ros/noetic/share/rqt_service_caller
rqt_shell /opt/ros/noetic/share/rqt_shell
rqt_srv /opt/ros/noetic/share/rqt_srv
rqt_tf_tree /opt/ros/noetic/share/rqt_tf_tree
rqt_top /opt/ros/noetic/share/rqt_top
rqt_topic /opt/ros/noetic/share/rqt_topic
rqt_web /opt/ros/noetic/share/rqt_web
rviz /opt/ros/noetic/share/rviz
rviz_plugin_tutorials /opt/ros/noetic/share/rviz_plugin_tutorials
rviz_python_tutorial /opt/ros/noetic/share/rviz_python_tutorial
savin_pkg /home/user18/catkin_ws/src/savin_pkg
self_test /opt/ros/noetic/share/self_test
sensor_msgs /opt/ros/noetic/share/sensor_msgs
shape_msgs /opt/ros/noetic/share/shape_msgs
smach /opt/ros/noetic/share/smach
smach_msgs /opt/ros/noetic/share/smach_msgs
smach_ros /opt/ros/noetic/share/smach_ros
smclib /opt/ros/noetic/share/smclib
stage /opt/ros/noetic/share/stage
stage_ros /opt/ros/noetic/share/stage_ros
std_msgs /opt/ros/noetic/share/std_msgs
std_srvs /opt/ros/noetic/share/std_srvs
stereo_image_proc /opt/ros/noetic/share/stereo_image_proc
stereo_msgs /opt/ros/noetic/share/stereo_msgs
study_pkg /home/user18/catkin_ws/src/study_pkg
super_myachka_study_pkg /home/user18/catkin_ws/src/super_myachka_study_pkg
tf /opt/ros/noetic/share/tf
tf2 /opt/ros/noetic/share/tf2
tf2_eigen /opt/ros/noetic/share/tf2_eigen
tf2_geometry_msgs /opt/ros/noetic/share/tf2_geometry_msgs
tf2_kdl /opt/ros/noetic/share/tf2_kdl
tf2_msgs /opt/ros/noetic/share/tf2_msgs
tf2_py /opt/ros/noetic/share/tf2_py
tf2_ros /opt/ros/noetic/share/tf2_ros
tf_conversions /opt/ros/noetic/share/tf_conversions
theora_image_transport /opt/ros/noetic/share/theora_image_transport
topic_tools /opt/ros/noetic/share/topic_tools
trajectory_msgs /opt/ros/noetic/share/trajectory_msgs
transmission_interface /opt/ros/noetic/share/transmission_interface
turtle_actionlib /opt/ros/noetic/share/turtle_actionlib
turtle_tf /opt/ros/noetic/share/turtle_tf
turtle_tf2 /opt/ros/noetic/share/turtle_tf2
turtlesim /opt/ros/noetic/share/turtlesim
urdf /opt/ros/noetic/share/urdf
urdf_parser_plugin /opt/ros/noetic/share/urdf_parser_plugin
urdf_sim_tutorial /opt/ros/noetic/share/urdf_sim_tutorial
urdf_tutorial /opt/ros/noetic/share/urdf_tutorial
visualization_marker_tutorials /opt/ros/noetic/share/visualization_marker_tutorials
visualization_msgs /opt/ros/noetic/share/visualization_msgs
webkit_dependency /opt/ros/noetic/share/webkit_dependency
xacro /opt/ros/noetic/share/xacro
xmlrpcpp /opt/ros/noetic/share/xmlrpcpp
user18@user18-desktop:~/catkin_ws$ roscd study_pkg
user18@user18-desktop:~/catkin_ws/src/study_pkg$ git init
Reinitialized existing Git repository in /home/user18/catkin_ws/src/study_pkg/.git/
user18@user18-desktop:~/catkin_ws/src/study_pkg$ git checkout -b main
fatal: A branch named 'main' already exists.
user18@user18-desktop:~/catkin_ws/src/study_pkg$ git init
Reinitialized existing Git repository in /home/user18/catkin_ws/src/study_pkg/.git/
user18@user18-desktop:~/catkin_ws/src/study_pkg$ git init
Reinitialized existing Git repository in /home/user18/catkin_ws/src/study_pkg/.git/
user18@user18-desktop:~/catkin_ws/src/study_pkg$ git checkout -b main
fatal: A branch named 'main' already exists.
user18@user18-desktop:~/catkin_ws/src/study_pkg$ git init
Initialized empty Git repository in /home/user18/catkin_ws/src/study_pkg/.git/
user18@user18-desktop:~/catkin_ws/src/study_pkg$ git status
On branch master

No commits yet

Untracked files:
  (use "git add <file>..." to include in what will be committed)
	CMakeLists.txt
	README.md
	package.xml

nothing added to commit but untracked files present (use "git add" to track)
user18@user18-desktop:~/catkin_ws/src/study_pkg$ cd ..
user18@user18-desktop:~/catkin_ws/src$ cd s
savin_pkg/               study_pkg/               super_myachka_study_pkg/ 
user18@user18-desktop:~/catkin_ws/src$ cd super_myachka_study_pkg/
user18@user18-desktop:~/catkin_ws/src/super_myachka_study_pkg$ git init
Initialized empty Git repository in /home/user18/catkin_ws/src/super_myachka_study_pkg/.git/
user18@user18-desktop:~/catkin_ws/src/super_myachka_study_pkg$ git checkout -b main
Switched to a new branch 'main'
user18@user18-desktop:~/catkin_ws/src/super_myachka_study_pkg$ git status
On branch main

No commits yet

Untracked files:
  (use "git add <file>..." to include in what will be committed)
	CMakeLists.txt
	package.xml

nothing added to commit but untracked files present (use "git add" to track)
user18@user18-desktop:~/catkin_ws/src/super_myachka_study_pkg$ git remote add origin https://github.com/myachka/super_myachka_study_pkg.git
user18@user18-desktop:~/catkin_ws/src/super_myachka_study_pkg$ git pull origin main
remote: Enumerating objects: 3, done.
remote: Counting objects: 100% (3/3), done.
remote: Total 3 (delta 0), reused 0 (delta 0), pack-reused 0
Unpacking objects: 100% (3/3), 604 bytes | 604.00 KiB/s, done.
From https://github.com/myachka/super_myachka_study_pkg
 * branch            main       -> FETCH_HEAD
 * [new branch]      main       -> origin/main
user18@user18-desktop:~/catkin_ws/src/super_myachka_study_pkg$ git add -A
user18@user18-desktop:~/catkin_ws/src/super_myachka_study_pkg$ git commit -am "added new laba 1"
[main 7f199a7] added new laba 1
 2 files changed, 266 insertions(+)
 create mode 100644 CMakeLists.txt
 create mode 100644 package.xml
user18@user18-desktop:~/catkin_ws/src/super_myachka_study_pkg$ git push 
fatal: The current branch main has no upstream branch.
To push the current branch and set the remote as upstream, use

    git push --set-upstream origin main

user18@user18-desktop:~/catkin_ws/src/super_myachka_study_pkg$ git push --set-upstream origin main
Username for 'https://github.com': myachka
Password for 'https://myachka@github.com': 
Enumerating objects: 5, done.
Counting objects: 100% (5/5), done.
Delta compression using up to 6 threads
Compressing objects: 100% (4/4), done.
Writing objects: 100% (4/4), 3.42 KiB | 3.42 MiB/s, done.
Total 4 (delta 0), reused 0 (delta 0)
To https://github.com/myachka/super_myachka_study_pkg.git
   263a870..7f199a7  main -> main
Branch 'main' set up to track remote branch 'main' from 'origin'.
user18@user18-desktop:~/catkin_ws/src/super_myachka_study_pkg$ roscd study_pkg
user18@user18-desktop:~/catkin_ws/src/study_pkg$ mkdir scripts
user18@user18-desktop:~/catkin_ws/src/study_pkg$ touch scripts/first_node.py
user18@user18-desktop:~/catkin_ws/src/study_pkg$ 

